// Jest Snapshot v1, https://goo.gl/fbAQLP

exports[`should be rendered without error matches snapshot 1`] = `null`;
